[debug] [2026-06-01T11:51:41.007Z] ----------------------------------------------------------------------
[debug] [2026-06-01T11:51:41.053Z] Command:       C:\Program Files\nodejs\node.exe C:\Users\asus\AppData\Roaming\npm\node_modules\firebase-tools\lib\bin\firebase.js init hosting:github
[debug] [2026-06-01T11:51:41.054Z] CLI Version:   15.19.0
[debug] [2026-06-01T11:51:41.065Z] Platform:      win32
[debug] [2026-06-01T11:51:41.065Z] Node Version:  v22.17.0
[debug] [2026-06-01T11:51:41.065Z] Time:          Mon Jun 01 2026 17:21:41 GMT+0530 (India Standard Time)
[debug] [2026-06-01T11:51:41.065Z] ----------------------------------------------------------------------
[debug] 
[info] 
     ######## #### ########  ######## ########     ###     ######  ########
     ##        ##  ##     ## ##       ##     ##  ##   ##  ##       ##
     ######    ##  ########  ######   ########  #########  ######  ######
     ##        ##  ##    ##  ##       ##     ## ##     ##       ## ##
     ##       #### ##     ## ######## ########  ##     ##  ######  ########

You're about to initialize a Firebase project in this directory:

  C:\Users\asus\OneDrive\Desktop\supply-chain-management\client

Before we get started, keep in mind:

  * You are initializing within an existing Firebase project directory

[info] 
=== Project Setup
[info] 
[info] First, let's associate this project directory with a Firebase project.
[info] You can create multiple project aliases by running firebase use --add, 
[info] 
[debug] [2026-06-01T11:52:08.879Z] > command requires scopes: ["email","openid","https://www.googleapis.com/auth/cloudplatformprojects.readonly","https://www.googleapis.com/auth/firebase","https://www.googleapis.com/auth/cloud-platform"]
[debug] [2026-06-01T11:52:08.879Z] > authorizing via signed-in user (korvexchain@gmail.com)
[debug] [2026-06-01T11:52:08.881Z] Checked if tokens are valid: false, expires at: 1780314808566
[debug] [2026-06-01T11:52:08.881Z] Checked if tokens are valid: false, expires at: 1780314808566
[debug] [2026-06-01T11:52:08.881Z] > refreshing access token with scopes: []
[debug] [2026-06-01T11:52:08.887Z] >>> [apiv2][query] POST https://www.googleapis.com/oauth2/v3/token [none]
[debug] [2026-06-01T11:52:08.887Z] >>> [apiv2][body] POST https://www.googleapis.com/oauth2/v3/token [omitted]
[debug] [2026-06-01T11:52:09.462Z] <<< [apiv2][status] POST https://www.googleapis.com/oauth2/v3/token 200
[debug] [2026-06-01T11:52:09.462Z] <<< [apiv2][body] POST https://www.googleapis.com/oauth2/v3/token [omitted]
[debug] [2026-06-01T11:52:09.471Z] >>> [apiv2][query] GET https://firebase.googleapis.com/v1beta1/projects/korvex-d098b [none]
[debug] [2026-06-01T11:52:09.956Z] <<< [apiv2][status] GET https://firebase.googleapis.com/v1beta1/projects/korvex-d098b 200
[debug] [2026-06-01T11:52:09.957Z] <<< [apiv2][body] GET https://firebase.googleapis.com/v1beta1/projects/korvex-d098b {"projectId":"korvex-d098b","projectNumber":"322766724905","displayName":"Korvex","name":"projects/korvex-d098b","resources":{"hostingSite":"korvex-d098b"},"state":"ACTIVE","etag":"1_e969ce17-2950-4682-a4ad-255b2651248f"}
[info] i  Using project korvex-d098b (Korvex) . 
[info] 
=== Hosting:github Setup
[info] 
[info] i  Detected a .git folder at C:\Users\asus\OneDrive\Desktop\supply-chain-management 
[info] i  Authorizing with GitHub to upload your service account to a GitHub repository's secrets store. 
[info] 
[info] Visit this URL on this device to log in:
[info] https://github.com/login/oauth/authorize?client_id=89cf50f02ac6aaed3484&state=28463691&redirect_uri=http%3A%2F%2Flocalhost%3A9005&scope=read%3Auser%20repo%20public_repo
[info] 
[info] Waiting for authentication...
[debug] [2026-06-01T11:52:53.543Z] >>> [apiv2][query] POST https://github.com/login/oauth/access_token [none]
[debug] [2026-06-01T11:52:53.544Z] >>> [apiv2][body] POST https://github.com/login/oauth/access_token [stream]
[debug] [2026-06-01T11:52:54.056Z] <<< [apiv2][status] POST https://github.com/login/oauth/access_token 200
[debug] [2026-06-01T11:52:54.056Z] <<< [apiv2][body] POST https://github.com/login/oauth/access_token {"access_token":"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","token_type":"bearer","scope":"read:user,repo"}
[debug] [2026-06-01T11:52:54.068Z] >>> [apiv2][query] GET https://api.github.com/user [none]
[debug] [2026-06-01T11:52:54.599Z] <<< [apiv2][status] GET https://api.github.com/user 200
[debug] [2026-06-01T11:52:54.599Z] <<< [apiv2][body] GET https://api.github.com/user {"login":"adarsh-k75","id":222788456,"node_id":"U_kgDODUd7aA","avatar_url":"https://avatars.githubusercontent.com/u/222788456?v=4","gravatar_id":"","url":"https://api.github.com/users/adarsh-k75","html_url":"https://github.com/adarsh-k75","followers_url":"https://api.github.com/users/adarsh-k75/followers","following_url":"https://api.github.com/users/adarsh-k75/following{/other_user}","gists_url":"https://api.github.com/users/adarsh-k75/gists{/gist_id}","starred_url":"https://api.github.com/users/adarsh-k75/starred{/owner}{/repo}","subscriptions_url":"https://api.github.com/users/adarsh-k75/subscriptions","organizations_url":"https://api.github.com/users/adarsh-k75/orgs","repos_url":"https://api.github.com/users/adarsh-k75/repos","events_url":"https://api.github.com/users/adarsh-k75/events{/privacy}","received_events_url":"https://api.github.com/users/adarsh-k75/received_events","type":"User","user_view_type":"private","site_admin":false,"name":null,"company":null,"blog":"","location":null,"email":null,"hireable":null,"bio":null,"twitter_username":null,"notification_email":null,"public_repos":12,"public_gists":0,"followers":1,"following":0,"created_at":"2025-07-25T09:38:56Z","updated_at":"2025-11-04T10:28:02Z","private_gists":0,"total_private_repos":2,"owned_private_repos":2,"disk_usage":29390,"collaborators":0,"two_factor_authentication":false,"plan":{"name":"free","space":976562499,"collaborators":0,"private_repos":10000}}
[info] 
[info] +  Success! Logged into GitHub as adarsh-k75 
[info] 
[debug] [2026-06-01T11:53:27.096Z] >>> [apiv2][query] GET https://api.github.com/repos//actions/secrets/public-key type=owner
[debug] [2026-06-01T11:53:27.415Z] <<< [apiv2][status] GET https://api.github.com/repos//actions/secrets/public-key 404
[debug] [2026-06-01T11:53:27.415Z] <<< [apiv2][body] GET https://api.github.com/repos//actions/secrets/public-key {"message":"Not Found","documentation_url":"https://docs.github.com/rest","status":"404"}
[info] 
[info] 
[error] !  The provided authorization cannot be used with this repository. If this repository is in an organization, did you remember to grant access? 
[info] 
[info] i  Action required: Visit this URL to ensure access has been granted to the appropriate organization(s) for the Firebase CLI GitHub OAuth App: 
[info] https://github.com/settings/connections/applications/89cf50f02ac6aaed3484
[info] 
[debug] [2026-06-01T11:57:53.552Z] >>> [apiv2][query] GET https://api.github.com/repos/supply chain management system/actions/secrets/public-key type=owner
[debug] [2026-06-01T11:57:53.920Z] <<< [apiv2][status] GET https://api.github.com/repos/supply chain management system/actions/secrets/public-key 404
[debug] [2026-06-01T11:57:53.921Z] <<< [apiv2][body] GET https://api.github.com/repos/supply chain management system/actions/secrets/public-key {"message":"Not Found","documentation_url":"https://docs.github.com/rest","status":"404"}
[info] 
[info] 
[error] !  The provided authorization cannot be used with this repository. If this repository is in an organization, did you remember to grant access? 
[info] 
[info] i  Action required: Visit this URL to ensure access has been granted to the appropriate organization(s) for the Firebase CLI GitHub OAuth App: 
[info] https://github.com/settings/connections/applications/89cf50f02ac6aaed3484
[info] 
[debug] [2026-06-01T11:59:01.622Z] >>> [apiv2][query] GET https://api.github.com/repos/supply-chain-management-system/supply-chain-management/actions/secrets/public-key type=owner
[debug] [2026-06-01T11:59:02.514Z] <<< [apiv2][status] GET https://api.github.com/repos/supply-chain-management-system/supply-chain-management/actions/secrets/public-key 403
[debug] [2026-06-01T11:59:02.514Z] <<< [apiv2][body] GET https://api.github.com/repos/supply-chain-management-system/supply-chain-management/actions/secrets/public-key {"message":"You must have repository read permissions or have the repository secrets fine-grained permission.","documentation_url":"https://docs.github.com/rest/actions/secrets#get-a-repository-public-key","status":"403"}
[info] 
[info] 
[error] !  The provided authorization cannot be used with this repository. If this repository is in an organization, did you remember to grant access? 
[info] 
[info] i  Action required: Visit this URL to ensure access has been granted to the appropriate organization(s) for the Firebase CLI GitHub OAuth App: 
[info] https://github.com/settings/connections/applications/89cf50f02ac6aaed3484
[info] 
[debug] [2026-06-01T12:00:51.245Z] >>> [apiv2][query] GET https://api.github.com/repos/supply-chain-management/actions/secrets/public-key type=owner
[debug] [2026-06-01T12:00:51.609Z] <<< [apiv2][status] GET https://api.github.com/repos/supply-chain-management/actions/secrets/public-key 404
[debug] [2026-06-01T12:00:51.609Z] <<< [apiv2][body] GET https://api.github.com/repos/supply-chain-management/actions/secrets/public-key {"message":"Not Found","documentation_url":"https://docs.github.com/rest","status":"404"}
[info] 
[info] 
[error] !  The provided authorization cannot be used with this repository. If this repository is in an organization, did you remember to grant access? 
[info] 
[info] i  Action required: Visit this URL to ensure access has been granted to the appropriate organization(s) for the Firebase CLI GitHub OAuth App: 
[info] https://github.com/settings/connections/applications/89cf50f02ac6aaed3484
[info] 
[debug] [2026-06-01T12:25:04.326Z] >>> [apiv2][query] GET https://api.github.com/repos/adarsh-k75/supply-chain-management/actions/secrets/public-key type=owner
[debug] [2026-06-01T12:25:04.948Z] <<< [apiv2][status] GET https://api.github.com/repos/adarsh-k75/supply-chain-management/actions/secrets/public-key 404
[debug] [2026-06-01T12:25:04.948Z] <<< [apiv2][body] GET https://api.github.com/repos/adarsh-k75/supply-chain-management/actions/secrets/public-key {"message":"Not Found","documentation_url":"https://docs.github.com/rest/actions/secrets#get-a-repository-public-key","status":"404"}
[info] 
[info] 
[error] !  The provided authorization cannot be used with this repository. If this repository is in an organization, did you remember to grant access? 
[info] 
[info] i  Action required: Visit this URL to ensure access has been granted to the appropriate organization(s) for the Firebase CLI GitHub OAuth App: 
[info] https://github.com/settings/connections/applications/89cf50f02ac6aaed3484
[info] 
[debug] [2026-06-01T12:25:47.678Z] >>> [apiv2][query] GET https://api.github.com/repos/adarsh-k75/supply-chain-management-system/supply-chain-management/actions/secrets/public-key type=owner
[debug] [2026-06-01T12:25:48.068Z] <<< [apiv2][status] GET https://api.github.com/repos/adarsh-k75/supply-chain-management-system/supply-chain-management/actions/secrets/public-key 404
[debug] [2026-06-01T12:25:48.068Z] <<< [apiv2][body] GET https://api.github.com/repos/adarsh-k75/supply-chain-management-system/supply-chain-management/actions/secrets/public-key {"message":"Not Found","documentation_url":"https://docs.github.com/rest","status":"404"}
[info] 
[info] 
[error] !  The provided authorization cannot be used with this repository. If this repository is in an organization, did you remember to grant access? 
[info] 
[info] i  Action required: Visit this URL to ensure access has been granted to the appropriate organization(s) for the Firebase CLI GitHub OAuth App: 
[info] https://github.com/settings/connections/applications/89cf50f02ac6aaed3484
[info] 
[debug] [2026-06-01T12:26:59.009Z] >>> [apiv2][query] GET https://api.github.com/repos/supply-chain-management-system/supply-chain-management/actions/secrets/public-key type=owner
[debug] [2026-06-01T12:26:59.518Z] <<< [apiv2][status] GET https://api.github.com/repos/supply-chain-management-system/supply-chain-management/actions/secrets/public-key 403
[debug] [2026-06-01T12:26:59.518Z] <<< [apiv2][body] GET https://api.github.com/repos/supply-chain-management-system/supply-chain-management/actions/secrets/public-key {"message":"You must have repository read permissions or have the repository secrets fine-grained permission.","documentation_url":"https://docs.github.com/rest/actions/secrets#get-a-repository-public-key","status":"403"}
[info] 
[info] 
[error] !  The provided authorization cannot be used with this repository. If this repository is in an organization, did you remember to grant access? 
[info] 
[info] i  Action required: Visit this URL to ensure access has been granted to the appropriate organization(s) for the Firebase CLI GitHub OAuth App: 
[info] https://github.com/settings/connections/applications/89cf50f02ac6aaed3484
[info] 
